[kit.baliniz.com/payze/index.html]
[kit.baliniz.com/payze/xmlrpc.php]
[backblue.gif]
[fade.gif]
[index.html]
[kit.baliniz.com/payze/wp-content/plugins/jeg-elementor-kit/assets/css/elements/mainc141.css]
[kit.baliniz.com/payze/wp-includes/css/dist/block-library/style.min3781.css]
[kit.baliniz.com/payze/wp-includes/css/classic-themes.min3781.css]
[kit.baliniz.com/payze/wp-content/plugins/template-kit-export/public/assets/css/template-kit-export-public.min365c.css]
[kit.baliniz.com/payze/wp-content/plugins/header-footer-elementor/assets/css/header-footer-elementord2ac.css]
[kit.baliniz.com/payze/feed/index.html]
[kit.baliniz.com/payze/comments/feed/index.html]
[kit.baliniz.com/payze/wp-content/plugins/elementor/assets/lib/eicons/css/elementor-icons.minfc13.css]
[kit.baliniz.com/payze/wp-content/plugins/elementor/assets/css/frontend-lite.mindf38.css]
[kit.baliniz.com/payze/wp-content/plugins/elementor/assets/lib/swiper/css/swiper.min48f5.css]
[kit.baliniz.com/payze/wp-content/uploads/sites/27/elementor/css/post-39eed.css]
[kit.baliniz.com/payze/wp-content/uploads/sites/27/elementor/css/globaldfbb.css]
[kit.baliniz.com/payze/wp-content/uploads/sites/27/elementor/css/post-546cc6e.css]
[kit.baliniz.com/payze/wp-content/plugins/header-footer-elementor/inc/widgets-css/frontendd2ac.css]
[kit.baliniz.com/payze/wp-content/plugins/elementor/assets/lib/font-awesome/css/all.mindf38.css]
[kit.baliniz.com/payze/wp-content/plugins/elementor/assets/lib/font-awesome/css/v4-shims.mindf38.css]
[kit.baliniz.com/payze/wp-content/themes/hello-elementor/style.min4250.css]
[kit.baliniz.com/payze/wp-content/themes/hello-elementor/theme.min4250.css]
[kit.baliniz.com/payze/wp-content/plugins/elementor/assets/lib/font-awesome/css/fontawesome.min52d5.css]
[kit.baliniz.com/payze/wp-content/plugins/elementor/assets/lib/font-awesome/css/regular.min52d5.css]
[kit.baliniz.com/payze/wp-content/plugins/elementor/assets/lib/font-awesome/css/solid.min52d5.css]
[kit.baliniz.com/payze/wp-content/plugins/jeg-elementor-kit/assets/fonts/jkiticon/jkiticonc141.css]
[kit.baliniz.com/payze/wp-includes/js/jquery/jquery.min5aed.js]
[kit.baliniz.com/payze/wp-includes/js/jquery/jquery-migrate.min6b00.js]
[kit.baliniz.com/payze/wp-content/plugins/template-kit-export/public/assets/js/template-kit-export-public.min365c.js]
[kit.baliniz.com/payze/wp-content/plugins/elementor/assets/lib/font-awesome/js/v4-shims.mindf38.js]
[kit.baliniz.com/payze/wp-json/index.html]
[kit.baliniz.com/payze/wp-json/wp/v2/pages/546.json]
[kit.baliniz.com/payze/xmlrpc0db0.php]
[kit.baliniz.com/payze/wp-includes/wlwmanifest.xml]
[kit.baliniz.com/payze/wp-json/oembed/1.0/embed147d.json]
[kit.baliniz.com/payze/wp-json/oembed/1.0/embede4c9]
[kit.baliniz.com/payze/wp-content/uploads/sites/27/2022/06/logo-payze-1-1024x312.png]
[kit.baliniz.com/payze/wp-content/uploads/sites/27/2022/06/logo-payze-2-e1655014444821.png]
[kit.baliniz.com/payze/wp-content/plugins/elementor/assets/css/widget-icon-list.min.css]
[kit.baliniz.com/payze/wp-content/uploads/sites/27/2022/06/she-was-dressed-in-a-white-shirt-and-black-pants-t-KXJ8QB6.png]
[kit.baliniz.com/payze/about/index.html]
[kit.baliniz.com/payze/services/index.html]
[kit.baliniz.com/payze/wp-content/uploads/sites/27/2022/06/mobile1-ADPM2QY.png]
[kit.baliniz.com/payze/wp-content/uploads/sites/27/2022/06/partner-1-1.png]
[kit.baliniz.com/payze/team/index.html]
[kit.baliniz.com/payze/wp-content/uploads/sites/27/2022/06/partner-2-1.png]
[kit.baliniz.com/payze/wp-content/uploads/sites/27/2022/06/partner-3-1.png]
[kit.baliniz.com/payze/wp-content/uploads/sites/27/2022/06/partner-4-1.png]
[kit.baliniz.com/payze/faq/index.html]
[kit.baliniz.com/payze/pricing/index.html]
[kit.baliniz.com/payze/blog/index.html]
[kit.baliniz.com/payze/wp-content/uploads/sites/27/2022/06/man-with-tablet-in-his-hands-feeling-good-M5SC4SH-1.jpg]
[kit.baliniz.com/payze/404-page/index.html]
[kit.baliniz.com/payze/2022/06/09/newest-saas-payment-platform-can-raise-15-million-annually/index.html]
[kit.baliniz.com/payze/wp-content/uploads/sites/27/2022/06/young-woman-working-with-digital-tablet-in-the-off-7FHM3FZ-1.jpg]
[kit.baliniz.com/payze/wp-content/uploads/sites/27/elementor/thumbs/happy-beautiful-woman-holding-credit-card-in-hand-and-sitting-on-sofa-with-laptop-e1655014462705-pq6yva5ldjqywpuz55j5plwzo5o9k2f3cx2bw]
[kit.baliniz.com/payze/contact/index.html]
[kit.baliniz.com/payze/wp-content/uploads/sites/27/2022/06/young-woman-holding-digital-tablet-in-modern-offic-MDR8BDP-1.jpg]
[kit.baliniz.com/payze/wp-content/uploads/sites/27/2022/06/young-creative-man-standing-in-modern-office-and-s-PBU4KMW-1.jpg]
[kit.baliniz.com/payze/wp-content/uploads/sites/27/elementor/thumbs/young-handsome-man-enjoy-shopping-online-on-mobile-phone-with-credit-card-e1654518497463-ppwz5m8zpf4ixxn51ydcjblu3gm52jnlypj3hv0pvk.22]
[kit.baliniz.com/payze/2022/06/09/the-impact-of-online-payments-will-make-all-banks-use-atms/index.html]
[kit.baliniz.com/payze/wp-content/uploads/sites/27/2022/06/young-woman-withdrawing-money-from-credit-card-at-atm-e1655014574794.jpg]
[kit.baliniz.com/payze/wp-content/uploads/sites/27/2022/06/money-concept-e1655014566978.jpg]
[kit.baliniz.com/payze/wp-content/uploads/sites/27/2022/06/payments-are-easy--e1655014546397.jpg]
[kit.baliniz.com/payze/wp-content/uploads/sites/27/2022/06/bg-5-e1655014403325.jpg]
[kit.baliniz.com/payze/wp-content/uploads/sites/27/2022/06/bg-4-e1655014388310.jpg]
[kit.baliniz.com/payze/wp-content/uploads/sites/27/2022/06/google-play-badge-e1630982322931-1-1.png]
[kit.baliniz.com/payze/wp-content/uploads/sites/27/2022/06/app-store1-1-1.png]
[kit.baliniz.com/payze/category/bank/index.html]
[kit.baliniz.com/payze/category/inflation/index.html]
[kit.baliniz.com/payze/2022/06/09/is-now-a-good-time-to-worry-more-about-financial-inflation/index.html]
[kit.baliniz.com/payze/wp-content/uploads/sites/27/elementor/css/post-675548d.css]
[kit.baliniz.com/payze/wp-content/plugins/elementor/assets/lib/font-awesome/css/brands.min52d5.css]
[kit.baliniz.com/payze/wp-content/plugins/jeg-elementor-kit/assets/js/tiny-slider/tiny-sliderf342.css]
[kit.baliniz.com/payze/wp-content/uploads/sites/27/elementor/css/post-68126ba.css]
[kit.baliniz.com/payze/wp-content/plugins/elementor/assets/lib/animations/animations.mindf38.css]
[kit.baliniz.com/payze/2022/06/09/new-saas-online-payment-platform-raises-15-million-per-year/index.html]
[kit.baliniz.com/payze/wp-content/themes/hello-elementor/assets/js/hello-frontend.min8a54.js]
[kit.baliniz.com/payze/category/economy/index.html]
[kit.baliniz.com/payze/wp-content/plugins/elementor/assets/js/webpack.runtime.mindf38.js]
[kit.baliniz.com/payze/wp-content/plugins/elementor/assets/js/frontend-modules.mindf38.js]
[kit.baliniz.com/payze/wp-content/plugins/elementor/assets/lib/waypoints/waypoints.min05da.js]
[kit.baliniz.com/payze/wp-includes/js/jquery/ui/core.min3f14.js]
[kit.baliniz.com/payze/wp-content/plugins/elementor/assets/js/frontend.mindf38.js]
[kit.baliniz.com/payze/wp-content/plugins/jeg-elementor-kit/assets/js/elements/sticky-elementc141.js]
[kit.baliniz.com/payze/wp-content/plugins/jeg-elementor-kit/assets/js/elements/nav-menuc141.js]
[kit.baliniz.com/payze/wp-content/plugins/jeg-elementor-kit/assets/js/elements/mailchimpc141.js]
[kit.baliniz.com/payze/wp-content/plugins/jeg-elementor-kit/assets/js/elements/fun-factc141.js]
[kit.baliniz.com/payze/wp-content/plugins/jeg-elementor-kit/assets/js/elements/animated-textc141.js]
[kit.baliniz.com/payze/wp-content/plugins/jeg-elementor-kit/assets/js/elements/client-logoc141.js]
[kit.baliniz.com/payze/wp-content/plugins/jeg-elementor-kit/assets/js/tiny-slider/tiny-sliderf342.js]
[kit.baliniz.com/payze/indexe2f2.html]
[kit.baliniz.com/payze/wp-content/plugins/jeg-elementor-kit/assets/js/elements/testimonialsc141.js]
[kit.baliniz.com/payze/wp-content/plugins/jeg-elementor-kit/assets/js/elements/post-paginationc141.js]
[kit.baliniz.com/payze/index.html]
[kit.baliniz.com/payze/xmlrpc.php]
[kit.baliniz.com/payze/wp-content/plugins/jeg-elementor-kit/assets/img/letter-x.svg]
[kit.baliniz.com/payze/wp-content/plugins/jeg-elementor-kit/assets/css/elements/mainc141.css]
[kit.baliniz.com/payze/wp-includes/css/dist/block-library/style.min3781.css]
[kit.baliniz.com/payze/wp-includes/css/classic-themes.min3781.css]
[kit.baliniz.com/payze/wp-content/plugins/template-kit-export/public/assets/css/template-kit-export-public.min365c.css]
[kit.baliniz.com/payze/wp-content/plugins/header-footer-elementor/assets/css/header-footer-elementord2ac.css]
[kit.baliniz.com/payze/wp-content/plugins/elementor/assets/lib/eicons/fonts/eiconsb732.eot]
[kit.baliniz.com/payze/wp-content/plugins/elementor/assets/lib/eicons/fonts/eiconsb732.woff2]
[kit.baliniz.com/payze/wp-content/plugins/elementor/assets/lib/eicons/fonts/eiconsb732.woff]
[kit.baliniz.com/payze/wp-content/plugins/elementor/assets/lib/eicons/fonts/eiconsb732.ttf]
[kit.baliniz.com/payze/wp-content/plugins/elementor/assets/lib/eicons/css/elementor-icons.minfc13.css]
[kit.baliniz.com/payze/wp-content/plugins/elementor/assets/css/frontend-lite.mindf38.css]
[kit.baliniz.com/payze/wp-content/plugins/elementor/assets/lib/swiper/css/swiper.min48f5.css]
[kit.baliniz.com/payze/wp-content/uploads/sites/27/elementor/css/post-39eed.css]
[kit.baliniz.com/payze/wp-content/uploads/sites/27/elementor/css/globaldfbb.css]
[kit.baliniz.com/payze/wp-content/plugins/elementor/assets/lib/eicons/fonts/eiconsb732.svg]
[kit.baliniz.com/payze/wp-content/uploads/sites/27/2022/06/entrepreneur-doing-contactless-payment-usint-smartphone-e1655014470763.jpg]
[kit.baliniz.com/payze/wp-content/uploads/sites/27/2022/06/checking-banking-account-e1655014482599.jpg]
[kit.baliniz.com/payze/wp-content/uploads/sites/27/2022/06/womans-hand-using-credit-card-machine-for-restaurant-payment-e1655014496871.jpg]
[kit.baliniz.com/payze/wp-content/uploads/sites/27/2022/06/customer-using-her-smartphone-to-make-mobile-payment-with-electr-e1655014509591.jpg]
[kit.baliniz.com/payze/wp-content/uploads/sites/27/elementor/css/post-546cc6e.css]
[kit.baliniz.com/payze/wp-content/plugins/header-footer-elementor/inc/widgets-css/frontendd2ac.css]
[kit.baliniz.com/payze/wp-content/plugins/elementor/assets/lib/font-awesome/webfonts/fa-brands-400.eot]
[kit.baliniz.com/payze/wp-content/plugins/elementor/assets/lib/font-awesome/webfonts/fa-brands-400d41d.eot]
[kit.baliniz.com/payze/wp-content/plugins/elementor/assets/lib/font-awesome/webfonts/fa-brands-400.woff2]
[kit.baliniz.com/payze/wp-content/plugins/elementor/assets/lib/font-awesome/webfonts/fa-brands-400.woff]
[kit.baliniz.com/payze/wp-content/plugins/elementor/assets/lib/font-awesome/webfonts/fa-brands-400.ttf]
[kit.baliniz.com/payze/wp-content/plugins/elementor/assets/lib/font-awesome/webfonts/fa-brands-400.svg]
[kit.baliniz.com/payze/wp-content/plugins/elementor/assets/lib/font-awesome/webfonts/fa-regular-400.eot]
[kit.baliniz.com/payze/wp-content/plugins/elementor/assets/lib/font-awesome/webfonts/fa-regular-400d41d.eot]
[kit.baliniz.com/payze/wp-content/plugins/elementor/assets/lib/font-awesome/webfonts/fa-regular-400.woff2]
[kit.baliniz.com/payze/wp-content/plugins/elementor/assets/lib/font-awesome/webfonts/fa-regular-400.woff]
[kit.baliniz.com/payze/wp-content/plugins/elementor/assets/lib/font-awesome/webfonts/fa-regular-400.ttf]
[kit.baliniz.com/payze/wp-content/plugins/elementor/assets/lib/font-awesome/webfonts/fa-regular-400.svg]
[kit.baliniz.com/payze/wp-content/plugins/elementor/assets/lib/font-awesome/webfonts/fa-solid-900.eot]
[kit.baliniz.com/payze/wp-content/plugins/elementor/assets/lib/font-awesome/webfonts/fa-solid-900d41d.eot]
[kit.baliniz.com/payze/wp-content/plugins/elementor/assets/lib/font-awesome/webfonts/fa-solid-900.woff2]
[kit.baliniz.com/payze/wp-content/plugins/elementor/assets/lib/font-awesome/webfonts/fa-solid-900.woff]
[kit.baliniz.com/payze/wp-content/plugins/elementor/assets/lib/font-awesome/webfonts/fa-solid-900.ttf]
[kit.baliniz.com/payze/wp-content/plugins/elementor/assets/lib/font-awesome/css/all.mindf38.css]
[kit.baliniz.com/payze/wp-content/plugins/elementor/assets/lib/font-awesome/css/v4-shims.mindf38.css]
[kit.baliniz.com/payze/wp-content/themes/hello-elementor/style.min4250.css]
[kit.baliniz.com/payze/wp-content/themes/hello-elementor/theme.min4250.css]
[kit.baliniz.com/payze/wp-content/plugins/elementor/assets/lib/font-awesome/css/fontawesome.min52d5.css]
[kit.baliniz.com/payze/wp-content/plugins/elementor/assets/lib/font-awesome/css/regular.min52d5.css]
[kit.baliniz.com/payze/wp-content/plugins/elementor/assets/lib/font-awesome/css/solid.min52d5.css]
[kit.baliniz.com/payze/wp-content/plugins/elementor/assets/lib/font-awesome/webfonts/fa-solid-900.svg]
[kit.baliniz.com/payze/wp-content/plugins/jeg-elementor-kit/assets/fonts/jkiticon/jkiticon7107.eot]
[kit.baliniz.com/payze/wp-content/plugins/jeg-elementor-kit/assets/fonts/jkiticon/jkiticon7107.woff2]
[kit.baliniz.com/payze/wp-content/plugins/jeg-elementor-kit/assets/fonts/jkiticon/jkiticon7107.woff]
[kit.baliniz.com/payze/wp-content/plugins/jeg-elementor-kit/assets/fonts/jkiticon/jkiticon7107.ttf]
[kit.baliniz.com/payze/wp-content/plugins/jeg-elementor-kit/assets/fonts/jkiticon/jkiticonc141.css]
[kit.baliniz.com/payze/wp-content/plugins/jeg-elementor-kit/assets/fonts/jkiticon/jkiticon7107.svg]
[kit.baliniz.com/payze/wp-content/uploads/sites/27/elementor/css/post-623f65a.css]
[kit.baliniz.com/payze/wp-json/wp/v2/pages/623.json]
[kit.baliniz.com/payze/wp-json/oembed/1.0/embed269b.json]
[kit.baliniz.com/payze/wp-json/oembed/1.0/embedbe07]
[kit.baliniz.com/payze/wp-content/uploads/sites/27/2022/06/mobile2-ADPM2QY.png]
[kit.baliniz.com/payze/wp-content/plugins/elementor/assets/css/widget-icon-box.min.css]
[kit.baliniz.com/payze/wp-content/uploads/sites/27/2022/06/portrait-of-confident-business-middle-aged-counsel-JWSB3V6.jpg]
[kit.baliniz.com/payze/wp-content/uploads/sites/27/2022/06/smiling-mature-businessman-standing-alone-in-an-of-GQBLE64.jpg]
[kit.baliniz.com/payze/wp-content/uploads/sites/27/2022/06/caucasian-businessman-standing-and-smile-in-meetin-GQBLE64.jpg]
[kit.baliniz.com/payze/wp-content/uploads/sites/27/2022/06/portrait-of-content-redheaded-businesswoman-with-d-EYLN464.jpg]
[kit.baliniz.com/payze/wp-content/plugins/jeg-elementor-kit/assets/js/sweetalert2/sweetalert2.min430c.css]
[kit.baliniz.com/cdn-cgi/scripts/5c5dd728/cloudflare-static/email-decode.min.js]
[kit.baliniz.com/payze/wp-content/plugins/jeg-elementor-kit/assets/js/elements/progress-barc141.js]
[kit.baliniz.com/payze/wp-content/plugins/jeg-elementor-kit/assets/js/elements/pie-chartc141.js]
[kit.baliniz.com/payze/wp-content/plugins/jeg-elementor-kit/assets/js/chartjs/chart.mina560.js]
[kit.baliniz.com/payze/wp-content/plugins/jeg-elementor-kit/assets/js/elements/accordionc141.js]
[kit.baliniz.com/payze/wp-content/plugins/jeg-elementor-kit/assets/js/elements/teamc141.js]
[kit.baliniz.com/payze/wp-content/plugins/jeg-elementor-kit/assets/js/sweetalert2/sweetalert2.min430c.js]
[kit.baliniz.com/payze/about/index.html]
[kit.baliniz.com/payze/wp-content/uploads/sites/27/elementor/css/post-8378f2f.css]
[kit.baliniz.com/payze/wp-json/wp/v2/pages/837.json]
[kit.baliniz.com/payze/wp-json/oembed/1.0/embed61d7.json]
[kit.baliniz.com/payze/wp-json/oembed/1.0/embed2bce]
[kit.baliniz.com/payze/services/index.html]
[kit.baliniz.com/payze/wp-content/uploads/sites/27/elementor/css/post-8521556.css]
[kit.baliniz.com/payze/wp-json/wp/v2/pages/852.json]
[kit.baliniz.com/payze/wp-json/oembed/1.0/embedafcf.json]
[kit.baliniz.com/payze/wp-json/oembed/1.0/embed56ca]
[kit.baliniz.com/payze/wp-content/uploads/sites/27/2022/06/beautiful-asian-businesswoman-confidently-smiling-K5YDMAT.jpg]
[kit.baliniz.com/payze/wp-content/uploads/sites/27/2022/06/causal-young-two-businessman-looking-camera-and-fr2-HKGJN28.jpg]
[kit.baliniz.com/payze/wp-content/uploads/sites/27/2022/06/young-businesswoman-in-office-room-portrait-shot-NZ4P96B.jpg]
[kit.baliniz.com/payze/wp-content/uploads/sites/27/2022/06/causal-young-two-businessman-looking-camera-and-fr-HKGJN28.jpg]
[kit.baliniz.com/payze/team/index.html]
[kit.baliniz.com/payze/wp-content/uploads/sites/27/elementor/css/post-873bd29.css]
[kit.baliniz.com/payze/wp-json/wp/v2/pages/873.json]
[kit.baliniz.com/payze/wp-json/oembed/1.0/embedca97.json]
[kit.baliniz.com/payze/wp-json/oembed/1.0/embed421d]
[kit.baliniz.com/payze/faq/index.html]
[kit.baliniz.com/payze/wp-content/uploads/sites/27/elementor/css/post-8787148.css]
[kit.baliniz.com/payze/wp-json/wp/v2/pages/878.json]
[kit.baliniz.com/payze/wp-json/oembed/1.0/embed7df0.json]
[kit.baliniz.com/payze/wp-json/oembed/1.0/embed1998]
[kit.baliniz.com/payze/pricing/index.html]
[kit.baliniz.com/payze/wp-content/uploads/sites/27/elementor/css/post-8893af7.css]
[kit.baliniz.com/payze/wp-json/wp/v2/pages/889.json]
[kit.baliniz.com/payze/wp-json/oembed/1.0/embed295e.json]
[kit.baliniz.com/payze/wp-json/oembed/1.0/embed8abd]
[kit.baliniz.com/payze/wp-content/uploads/sites/27/2022/06/young-man-listening-to-bank-manager-e1655014538972.jpg]
[kit.baliniz.com/payze/category/payment/index.html]
[kit.baliniz.com/payze/category/financial/index.html]
[kit.baliniz.com/payze/category/invest/index.html]
[kit.baliniz.com/payze/2022/06/09/federal-bank-will-cooperate-with-all-online-payment-platforms/index.html]
[kit.baliniz.com/payze/wp-content/uploads/sites/27/2022/06/close-up-of-payment-with-cell-phone-e1655014522575.jpg]
[kit.baliniz.com/payze/blog/index.html]
[kit.baliniz.com/payze/2022/06/09/the-place-to-share-your-financial-success-is-by-joining-payze/index.html]
[kit.baliniz.com/payze/2022/06/09/newest-saas-payment-platform-can-raise-15-million-annually/feed/index.html]
[kit.baliniz.com/payze/wp-content/uploads/sites/27/elementor/css/post-4924b37.css]
[kit.baliniz.com/payze/wp-json/wp/v2/posts/492.json]
[kit.baliniz.com/payze/wp-json/oembed/1.0/embed0dc0.json]
[kit.baliniz.com/payze/wp-json/oembed/1.0/embed1e4d]
[kit.baliniz.com/payze/wp-content/uploads/sites/27/2022/06/man-processing-online-payment-while-shopping-online-e1655014530382.jpg]
[kit.baliniz.com/payze/wp-content/plugins/jeg-elementor-kit/assets/js/goodshare/goodshare.minb5e1.js]
[kit.baliniz.com/payze/wp-includes/js/comment-reply.min3781.js]
[kit.baliniz.com/payze/2022/06/09/newest-saas-payment-platform-can-raise-15-million-annually/index.html]
[kit.baliniz.com/payze/wp-content/uploads/sites/27/elementor/css/post-11104322.css]
[kit.baliniz.com/payze/wp-json/wp/v2/pages/1110.json]
[kit.baliniz.com/payze/wp-json/oembed/1.0/embed2461.json]
[kit.baliniz.com/payze/wp-json/oembed/1.0/embede1cc]
[kit.baliniz.com/payze/404-page/index.html]
[kit.baliniz.com/payze/wp-content/uploads/sites/27/elementor/css/post-9482cc5.css]
[kit.baliniz.com/payze/wp-json/wp/v2/pages/948.json]
[kit.baliniz.com/payze/wp-json/oembed/1.0/embedf114.json]
[kit.baliniz.com/payze/wp-json/oembed/1.0/embed5de4]
[kit.baliniz.com/payze/wp-content/uploads/sites/27/elementor/css/post-9661b59.css]
[kit.baliniz.com/payze/wp-content/plugins/metform/public/assets/css/metform-ui6765.css]
[kit.baliniz.com/payze/wp-content/plugins/metform/public/assets/css/style6765.css]
[kit.baliniz.com/payze/wp-content/plugins/metform/public/assets/js/htm6765.js]
[kit.baliniz.com/payze/wp-includes/js/dist/vendor/wp-polyfill-inert.min0226.js]
[kit.baliniz.com/payze/wp-includes/js/dist/vendor/regenerator-runtime.min8fa4.js]
[kit.baliniz.com/payze/wp-includes/js/dist/vendor/wp-polyfill.min2c7c.js]
[kit.baliniz.com/payze/wp-includes/js/dist/vendor/react.min7a3b.js]
[kit.baliniz.com/payze/wp-includes/js/dist/vendor/react-dom.min7a3b.js]
[kit.baliniz.com/payze/wp-includes/js/dist/escape-html.min0311.js]
[kit.baliniz.com/payze/wp-includes/js/dist/element.mind52e.js]
[kit.baliniz.com/payze/contact/index.html]
[kit.baliniz.com/payze/wp-content/plugins/elementor/assets/css/widget-icon-list.min.css]
[kit.baliniz.com/payze/wp-content/plugins/metform/public/assets/js/app6765.js]
[kit.baliniz.com/payze/wp-content/uploads/sites/27/elementor/css/post-5018fe5.css]
[kit.baliniz.com/payze/2022/06/09/the-impact-of-online-payments-will-make-all-banks-use-atms/feed/index.html]
[kit.baliniz.com/payze/wp-json/wp/v2/posts/501.json]
[kit.baliniz.com/payze/wp-json/oembed/1.0/embed4f06.json]
[kit.baliniz.com/payze/wp-json/oembed/1.0/embed443f]
[kit.baliniz.com/payze/2022/06/09/the-impact-of-online-payments-will-make-all-banks-use-atms/index.html]
[kit.baliniz.com/payze/wp-json/wp/v2/categories/6.json]
[kit.baliniz.com/payze/category/bank/feed/index.html]
[kit.baliniz.com/payze/wp-content/uploads/sites/27/2022/06/young-woman-withdrawing-money-from-credit-card-at-atm-1024x682.jpg]
[kit.baliniz.com/payze/category/bank/index.html]
[kit.baliniz.com/payze/wp-content/uploads/sites/27/elementor/css/post-5028fe5.css]
[kit.baliniz.com/payze/2022/06/09/is-now-a-good-time-to-worry-more-about-financial-inflation/feed/index.html]
[kit.baliniz.com/payze/wp-json/wp/v2/posts/502.json]
[kit.baliniz.com/payze/wp-json/oembed/1.0/embed2b8a.json]
[kit.baliniz.com/payze/wp-json/oembed/1.0/embedb5d3]
[kit.baliniz.com/payze/2022/06/09/is-now-a-good-time-to-worry-more-about-financial-inflation/index.html]
[kit.baliniz.com/payze/wp-json/wp/v2/categories/10.json]
[kit.baliniz.com/payze/category/inflation/feed/index.html]
[kit.baliniz.com/payze/wp-content/uploads/sites/27/2022/06/money-concept-1024x684.jpg]
[kit.baliniz.com/payze/category/inflation/index.html]
[kit.baliniz.com/payze/2022/06/09/new-saas-online-payment-platform-raises-15-million-per-year/feed/index.html]
[kit.baliniz.com/payze/wp-content/uploads/sites/27/elementor/css/post-5030d1f.css]
[kit.baliniz.com/payze/wp-json/wp/v2/posts/503.json]
[kit.baliniz.com/payze/wp-json/oembed/1.0/embedebda.json]
[kit.baliniz.com/payze/wp-json/oembed/1.0/embedfa52]
[kit.baliniz.com/payze/2022/06/09/new-saas-online-payment-platform-raises-15-million-per-year/index.html]
[kit.baliniz.com/payze/wp-json/wp/v2/categories/11.json]
[kit.baliniz.com/payze/category/economy/feed/index.html]
[kit.baliniz.com/payze/wp-content/uploads/sites/27/2022/06/payments-are-easy--1024x683.jpg]
[kit.baliniz.com/payze/category/economy/index.html]
[kit.baliniz.com/payze/wp-content/plugins/jeg-elementor-kit/lib/jeg-framework/assets/css/jeg-dynamic-styles077c.css]
[kit.baliniz.com/payze/wp-content/uploads/sites/27/elementor/css/post-675548d.css]
[kit.baliniz.com/payze/wp-content/plugins/elementor/assets/lib/font-awesome/css/brands.min52d5.css]
[kit.baliniz.com/payze/wp-content/plugins/jeg-elementor-kit/assets/js/tiny-slider/tiny-sliderf342.css]
[kit.baliniz.com/payze/wp-content/uploads/sites/27/elementor/css/post-68126ba.css]
[kit.baliniz.com/payze/wp-content/plugins/elementor/assets/lib/animations/animations.mindf38.css]
[kit.baliniz.com/payze/indexe2f2.html]
[kit.baliniz.com/payze/wp-content/plugins/jeg-elementor-kit/assets/img/letter-x.svg]
[kit.baliniz.com/payze/wp-content/plugins/elementor/assets/lib/eicons/fonts/eiconsb732.svg]
[kit.baliniz.com/payze/wp-content/plugins/elementor/assets/lib/font-awesome/webfonts/fa-brands-400.svg]
[kit.baliniz.com/payze/wp-content/plugins/elementor/assets/lib/font-awesome/webfonts/fa-regular-400.svg]
[kit.baliniz.com/payze/wp-content/plugins/elementor/assets/lib/font-awesome/webfonts/fa-solid-900.svg]
[kit.baliniz.com/payze/wp-content/plugins/jeg-elementor-kit/assets/fonts/jkiticon/jkiticon7107.svg]
[kit.baliniz.com/payze/wp-content/uploads/sites/27/2022/06/happy-woman-made-a-payment-with-a-bank-card-online-through-an-application-in-a-mobile-phone-e1655014761338.jpg]
[kit.baliniz.com/payze/wp-content/uploads/sites/27/2022/06/bg-5-1-e1655014623761.jpg]
[kit.baliniz.com/payze/wp-content/uploads/sites/27/elementor/css/post-623f65a.css]
[kit.baliniz.com/payze/index5024.html]
[kit.baliniz.com/payze/wp-content/plugins/elementor/assets/css/widget-icon-box.min.css]
[kit.baliniz.com/payze/wp-content/plugins/jeg-elementor-kit/assets/js/sweetalert2/sweetalert2.min430c.css]
[kit.baliniz.com/payze/wp-content/uploads/sites/27/elementor/css/post-8378f2f.css]
[kit.baliniz.com/payze/index0c04.html]
[kit.baliniz.com/payze/wp-content/uploads/sites/27/elementor/css/post-8521556.css]
[kit.baliniz.com/payze/index914d.html]
[kit.baliniz.com/payze/wp-content/uploads/sites/27/elementor/css/post-873bd29.css]
[kit.baliniz.com/payze/indexcc82.html]
[kit.baliniz.com/payze/wp-content/uploads/sites/27/elementor/css/post-8787148.css]
[kit.baliniz.com/payze/index411c.html]
[kit.baliniz.com/payze/wp-content/uploads/sites/27/elementor/css/post-8893af7.css]
[kit.baliniz.com/payze/indexf45d.html]
[kit.baliniz.com/payze/wp-json/wp/v2/categories/7.json]
[kit.baliniz.com/payze/category/payment/feed/index.html]
[kit.baliniz.com/payze/wp-content/uploads/sites/27/2022/06/young-man-listening-to-bank-manager-1024x682.jpg]
[kit.baliniz.com/payze/category/payment/index.html]
[kit.baliniz.com/payze/category/invest/feed/index.html]
[kit.baliniz.com/payze/wp-json/wp/v2/categories/9.json]
[kit.baliniz.com/payze/wp-content/uploads/sites/27/2022/06/man-processing-online-payment-while-shopping-online-1024x682.jpg]
[kit.baliniz.com/payze/category/invest/index.html]
[kit.baliniz.com/payze/wp-json/wp/v2/categories/8.json]
[kit.baliniz.com/payze/category/financial/feed/index.html]
[kit.baliniz.com/payze/wp-content/uploads/sites/27/2022/06/close-up-of-payment-with-cell-phone-1024x684.jpg]
[kit.baliniz.com/payze/category/financial/index.html]
[kit.baliniz.com/payze/wp-content/uploads/sites/27/elementor/css/post-505f443.css]
[kit.baliniz.com/payze/2022/06/09/federal-bank-will-cooperate-with-all-online-payment-platforms/feed/index.html]
[kit.baliniz.com/payze/wp-json/wp/v2/posts/505.json]
[kit.baliniz.com/payze/wp-json/oembed/1.0/embedfef6.json]
[kit.baliniz.com/payze/wp-json/oembed/1.0/embed2683]
[kit.baliniz.com/payze/2022/06/09/federal-bank-will-cooperate-with-all-online-payment-platforms/index.html]
[kit.baliniz.com/payze/2022/06/09/the-place-to-share-your-financial-success-is-by-joining-payze/feed/index.html]
[kit.baliniz.com/payze/wp-content/uploads/sites/27/elementor/css/post-5040d1f.css]
[kit.baliniz.com/payze/wp-json/wp/v2/posts/504.json]
[kit.baliniz.com/payze/wp-json/oembed/1.0/embed9ceb.json]
[kit.baliniz.com/payze/wp-json/oembed/1.0/embed1280]
[kit.baliniz.com/payze/2022/06/09/the-place-to-share-your-financial-success-is-by-joining-payze/index.html]
[kit.baliniz.com/payze/wp-content/uploads/sites/27/elementor/css/post-4924b37.css]
[kit.baliniz.com/payze/index9982.html]
[kit.baliniz.com/payze/wp-content/uploads/sites/27/elementor/css/post-11104322.css]
[kit.baliniz.com/payze/indexc3cc.html]
[kit.baliniz.com/payze/wp-content/uploads/sites/27/elementor/css/post-9482cc5.css]
[kit.baliniz.com/payze/indexeda8.html]
[kit.baliniz.com/payze/wp-content/uploads/sites/27/elementor/css/post-9661b59.css]
[kit.baliniz.com/payze/wp-content/plugins/metform/public/assets/css/metform-ui6765.css]
[kit.baliniz.com/payze/wp-content/plugins/metform/public/assets/css/style6765.css]
[kit.baliniz.com/payze/wp-content/uploads/sites/27/elementor/css/post-5018fe5.css]
[kit.baliniz.com/payze/indexc508.html]
[kit.baliniz.com/payze/wp-content/uploads/sites/27/elementor/css/post-5028fe5.css]
[kit.baliniz.com/payze/indexda6e.html]
[kit.baliniz.com/payze/wp-content/uploads/sites/27/elementor/css/post-5030d1f.css]
[kit.baliniz.com/payze/index6c15.html]
[kit.baliniz.com/payze/wp-content/uploads/sites/27/elementor/css/post-505f443.css]
[kit.baliniz.com/payze/index9b9e.html]
[kit.baliniz.com/payze/wp-content/uploads/sites/27/elementor/css/post-5040d1f.css]
[kit.baliniz.com/payze/indexbc6e.html]
